log started: Tue Mar 24 11:15:05 2026

Log file: ./leap.log
>> #
>> # ----- leaprc for loading the ff14SB force field
>> # ----- NOTE: this is designed for PDB format 3!
>> #
>> #	load atom type hybridizations
>> #
>> addAtomTypes {
>> 	{ "H"   "H" "sp3" }
>> 	{ "HO"  "H" "sp3" }
>> 	{ "HS"  "H" "sp3" }
>> 	{ "H1"  "H" "sp3" }
>> 	{ "H2"  "H" "sp3" }
>> 	{ "H3"  "H" "sp3" }
>> 	{ "H4"  "H" "sp3" }
>> 	{ "H5"  "H" "sp3" }
>> 	{ "HW"  "H" "sp3" }
>> 	{ "HC"  "H" "sp3" }
>> 	{ "HA"  "H" "sp3" }
>> 	{ "HP"  "H" "sp3" }
>> 	{ "HZ"  "H" "sp3" }
>> 	{ "OH"  "O" "sp3" }
>> 	{ "OS"  "O" "sp3" }
>> 	{ "O"   "O" "sp2" }
>> 	{ "O2"  "O" "sp2" }
>> 	{ "OP"  "O" "sp2" }
>> 	{ "OW"  "O" "sp3" }
>> 	{ "CT"  "C" "sp3" }
>> 	{ "CX"  "C" "sp3" }
>> 	{ "C8"  "C" "sp3" }
>> 	{ "2C"  "C" "sp3" }
>> 	{ "3C"  "C" "sp3" }
>> 	{ "CH"  "C" "sp3" }
>> 	{ "CS"  "C" "sp2" }
>> 	{ "C"   "C" "sp2" }
>> 	{ "CO"   "C" "sp2" }
>> 	{ "C*"  "C" "sp2" }
>> 	{ "CA"  "C" "sp2" }
>> 	{ "CB"  "C" "sp2" }
>> 	{ "CC"  "C" "sp2" }
>> 	{ "CN"  "C" "sp2" }
>> 	{ "CM"  "C" "sp2" }
>> 	{ "CK"  "C" "sp2" }
>> 	{ "CQ"  "C" "sp2" }
>> 	{ "CD"  "C" "sp2" }
>> 	{ "C5"  "C" "sp2" }
>> 	{ "C4"  "C" "sp2" }
>> 	{ "CP"  "C" "sp2" }
>> 	{ "CI"  "C" "sp3" }
>> 	{ "CJ"  "C" "sp2" }
>> 	{ "CW"  "C" "sp2" }
>> 	{ "CV"  "C" "sp2" }
>> 	{ "CR"  "C" "sp2" }
>> 	{ "CA"  "C" "sp2" }
>> 	{ "CY"  "C" "sp2" }
>> 	{ "C0"  "Ca" "sp3" }
>> 	{ "MG"  "Mg" "sp3" }
>> 	{ "N"   "N" "sp2" }
>> 	{ "NA"  "N" "sp2" }
>> 	{ "N2"  "N" "sp2" }
>> 	{ "N*"  "N" "sp2" }
>> 	{ "NP"  "N" "sp2" }
>> 	{ "NQ"  "N" "sp2" }
>> 	{ "NB"  "N" "sp2" }
>> 	{ "NC"  "N" "sp2" }
>> 	{ "NT"  "N" "sp3" }
>> 	{ "NY"  "N" "sp2" }
>> 	{ "N3"  "N" "sp3" }
>> 	{ "S"   "S" "sp3" }
>> 	{ "SH"  "S" "sp3" }
>> 	{ "P"   "P" "sp3" }
>> 	{ "LP"  ""  "sp3" }
>> 	{ "EP"  ""  "sp3" }
>> 	{ "F"   "F" "sp3" }
>> 	{ "Cl"  "Cl" "sp3" }
>> 	{ "Br"  "Br" "sp3" }
>> 	{ "I"   "I"  "sp3" }
>> }
>> #
>> #	Load the main parameter set.
>> #
>> parm10 = loadamberparams parm10.dat
Loading parameters: /trinity/home/n_kristovsky/.conda/envs/d_topol/dat/leap/parm/parm10.dat
Reading title:
PARM99 + frcmod.ff99SB + frcmod.parmbsc0 + OL3 for RNA
>> frcmod14SB = loadamberparams frcmod.ff14SB
Loading parameters: /trinity/home/n_kristovsky/.conda/envs/d_topol/dat/leap/parm/frcmod.ff14SB
Reading force field modification type file (frcmod)
Reading title:
ff14SB protein backbone and sidechain parameters
>> #
>> #	Load main chain and terminating amino acid libraries
>> #
>> loadOff amino12.lib
Loading library: /trinity/home/n_kristovsky/.conda/envs/d_topol/dat/leap/lib/amino12.lib
Loading: ALA
Loading: ARG
Loading: ASH
Loading: ASN
Loading: ASP
Loading: CYM
Loading: CYS
Loading: CYX
Loading: GLH
Loading: GLN
Loading: GLU
Loading: GLY
Loading: HID
Loading: HIE
Loading: HIP
Loading: HYP
Loading: ILE
Loading: LEU
Loading: LYN
Loading: LYS
Loading: MET
Loading: PHE
Loading: PRO
Loading: SER
Loading: THR
Loading: TRP
Loading: TYR
Loading: VAL
>> loadOff aminoct12.lib
Loading library: /trinity/home/n_kristovsky/.conda/envs/d_topol/dat/leap/lib/aminoct12.lib
Loading: CALA
Loading: CARG
Loading: CASN
Loading: CASP
Loading: CCYS
Loading: CCYX
Loading: CGLN
Loading: CGLU
Loading: CGLY
Loading: CHID
Loading: CHIE
Loading: CHIP
Loading: CHYP
Loading: CILE
Loading: CLEU
Loading: CLYS
Loading: CMET
Loading: CPHE
Loading: CPRO
Loading: CSER
Loading: CTHR
Loading: CTRP
Loading: CTYR
Loading: CVAL
Loading: NHE
Loading: NME
>> loadOff aminont12.lib
Loading library: /trinity/home/n_kristovsky/.conda/envs/d_topol/dat/leap/lib/aminont12.lib
Loading: ACE
Loading: NALA
Loading: NARG
Loading: NASN
Loading: NASP
Loading: NCYS
Loading: NCYX
Loading: NGLN
Loading: NGLU
Loading: NGLY
Loading: NHID
Loading: NHIE
Loading: NHIP
Loading: NILE
Loading: NLEU
Loading: NLYS
Loading: NMET
Loading: NPHE
Loading: NPRO
Loading: NSER
Loading: NTHR
Loading: NTRP
Loading: NTYR
Loading: NVAL
>> 
>> #
>> #	Define the PDB name map for the amino acids
>> #
>> addPdbResMap {
>>   { 0 "HYP" "HYP" } { 1 "HYP" "CHYP" }
>>   { 0 "ALA" "NALA" } { 1 "ALA" "CALA" }
>>   { 0 "ARG" "NARG" } { 1 "ARG" "CARG" }
>>   { 0 "ASN" "NASN" } { 1 "ASN" "CASN" }
>>   { 0 "ASP" "NASP" } { 1 "ASP" "CASP" }
>>   { 0 "CYS" "NCYS" } { 1 "CYS" "CCYS" }
>>   { 0 "CYX" "NCYX" } { 1 "CYX" "CCYX" }
>>   { 0 "GLN" "NGLN" } { 1 "GLN" "CGLN" }
>>   { 0 "GLU" "NGLU" } { 1 "GLU" "CGLU" }
>>   { 0 "GLY" "NGLY" } { 1 "GLY" "CGLY" }
>>   { 0 "HID" "NHID" } { 1 "HID" "CHID" }
>>   { 0 "HIE" "NHIE" } { 1 "HIE" "CHIE" }
>>   { 0 "HIP" "NHIP" } { 1 "HIP" "CHIP" }
>>   { 0 "ILE" "NILE" } { 1 "ILE" "CILE" }
>>   { 0 "LEU" "NLEU" } { 1 "LEU" "CLEU" }
>>   { 0 "LYS" "NLYS" } { 1 "LYS" "CLYS" }
>>   { 0 "MET" "NMET" } { 1 "MET" "CMET" }
>>   { 0 "PHE" "NPHE" } { 1 "PHE" "CPHE" }
>>   { 0 "PRO" "NPRO" } { 1 "PRO" "CPRO" }
>>   { 0 "SER" "NSER" } { 1 "SER" "CSER" }
>>   { 0 "THR" "NTHR" } { 1 "THR" "CTHR" }
>>   { 0 "TRP" "NTRP" } { 1 "TRP" "CTRP" }
>>   { 0 "TYR" "NTYR" } { 1 "TYR" "CTYR" }
>>   { 0 "VAL" "NVAL" } { 1 "VAL" "CVAL" }
>>   { 0 "HIS" "NHIS" } { 1 "HIS" "CHIS" }
>> }
>> 
>> #
>> # assume that most often proteins use HIE
>> #
>> NHIS = NHIE
>> HIS = HIE
>> CHIS = CHIE
> 
> source leaprc.gaff
----- Source: /trinity/home/n_kristovsky/.conda/envs/d_topol/dat/leap/cmd/leaprc.gaff
----- Source of /trinity/home/n_kristovsky/.conda/envs/d_topol/dat/leap/cmd/leaprc.gaff done
>> logFile leap.log
log started: Tue Mar 24 11:15:05 2026

Log file: ./leap.log
>> #
>> # ----- leaprc for loading the general Amber Force field.
>> #       This file is mostly for use with Antechamber
>> #
>> #	load atom type hybridizations
>> #
>> addAtomTypes {
>> 	{ "h1"  "H" "sp3" }
>> 	{ "h2"  "H" "sp3" }
>> 	{ "h3"  "H" "sp3" }
>> 	{ "h4"  "H" "sp3" }
>> 	{ "h5"  "H" "sp3" }
>> 	{ "ha"  "H" "sp3" }
>> 	{ "hc"  "H" "sp3" }
>> 	{ "hn"  "H" "sp3" }
>> 	{ "ho"  "H" "sp3" }
>> 	{ "hp"  "H" "sp3" }
>> 	{ "hs"  "H" "sp3" }
>> 	{ "hw"  "H" "sp3" }
>> 	{ "hx"  "H" "sp3" }
>> 	{ "o"  "O" "sp2" }
>> 	{ "o2"  "O" "sp2" }
>> 	{ "oh"  "O" "sp3" }
>> 	{ "op"  "O" "sp3" }
>> 	{ "oq"  "O" "sp3" }
>> 	{ "os"  "O" "sp3" }
>> 	{ "ow"  "O" "sp3" }
>> 	{ "c"  "C" "sp2" }
>> 	{ "c1"  "C" "sp2" }
>> 	{ "c2"  "C" "sp2" }
>> 	{ "c3"  "C" "sp3" }
>> 	{ "ca"  "C" "sp2" }
>> 	{ "cc"  "C" "sp2" }
>> 	{ "cd"  "C" "sp2" }
>> 	{ "ce"  "C" "sp2" }
>> 	{ "cf"  "C" "sp2" }
>> 	{ "cg"  "C" "sp2" }
>> 	{ "ch"  "C" "sp2" }
>> 	{ "cp"  "C" "sp2" }
>> 	{ "cq"  "C" "sp2" }
>> 	{ "cu"  "C" "sp2" }
>> 	{ "cv"  "C" "sp2" }
>> 	{ "cx"  "C" "sp2" }
>> 	{ "cy"  "C" "sp2" }
>> 	{ "cz"  "C" "sp2" }
>> 	{ "n"   "N" "sp2" }
>> 	{ "n1"  "N" "sp2" }
>> 	{ "n2"  "N" "sp2" }
>> 	{ "n3"  "N" "sp3" }
>> 	{ "n4"  "N" "sp3" }
>> 	{ "na"  "N" "sp2" }
>> 	{ "nb"  "N" "sp2" }
>> 	{ "nc"  "N" "sp2" }
>> 	{ "nd"  "N" "sp2" }
>> 	{ "ne"  "N" "sp2" }
>> 	{ "nf"  "N" "sp2" }
>> 	{ "nh"  "N" "sp2" }
>> 	{ "ni"  "N" "sp2" }
>> 	{ "nj"  "N" "sp2" }
>> 	{ "nk"  "N" "sp3" }
>> 	{ "nl"  "N" "sp3" }
>> 	{ "nm"  "N" "sp2" }
>> 	{ "nn"  "N" "sp2" }
>> 	{ "no"  "N" "sp2" }
>> 	{ "np"  "N" "sp3" }
>> 	{ "nq"  "N" "sp3" }
>> 	{ "s"   "S" "sp2" }
>> 	{ "s2"   "S" "sp2" }
>> 	{ "s3"   "S" "sp3" }
>> 	{ "s4"   "S" "sp3" }
>> 	{ "s6"   "S" "sp3" }
>> 	{ "sh"   "S" "sp3" }
>> 	{ "sp"   "S" "sp3" }
>> 	{ "sq"   "S" "sp3" }
>> 	{ "ss"   "S" "sp3" }
>> 	{ "sx"   "S" "sp3" }
>> 	{ "sy"   "S" "sp3" }
>> 	{ "p2"   "P" "sp2" }
>> 	{ "p3"   "P" "sp3" }
>> 	{ "p4"   "P" "sp3" }
>> 	{ "p5"   "P" "sp3" }
>> 	{ "pb"   "P" "sp3" }
>> 	{ "pc"   "P" "sp3" }
>> 	{ "pd"   "P" "sp3" }
>> 	{ "pe"   "P" "sp3" }
>> 	{ "pf"   "P" "sp3" }
>> 	{ "px"   "P" "sp3" }
>> 	{ "py"   "P" "sp3" }
>> 	{ "f"   "F" "sp3" }
>> 	{ "cl"  "Cl" "sp3" }
>> 	{ "br"  "Br" "sp3" }
>> 	{ "i"   "I"  "sp3" }
>> }
>> #
>> #	Load the general force field parameter set.
>> #
>> gaff = loadamberparams gaff.dat
Loading parameters: /trinity/home/n_kristovsky/.conda/envs/d_topol/dat/leap/parm/gaff.dat
Reading title:
AMBER General Force Field for organic molecules (Version 1.81, May 2017)
> 
> mods = loadamberparams C_AF546_rn_H_3D_amber_AC.frcmod
Loading parameters: ./C_AF546_rn_H_3D_amber_AC.frcmod
Reading title:
> R546 = loadmol2 C_AF546_rn_H_3D_amber_user_amber.mol2
Loading Mol2 file: ./C_AF546_rn_H_3D_amber_user_amber.mol2
Reading MOLECULE named ../molecules/substructure/C_AF546_rn_H_3D.pdb
> check R546
Checking 'R546'....

/trinity/home/n_kristovsky/.conda/envs/d_topol/bin/teLeap: Warning!
The unperturbed charge of the unit (-2.000000) is not zero.
Checking parameters for unit 'R546'.
Checking for bond parameters.

/trinity/home/n_kristovsky/.conda/envs/d_topol/bin/teLeap: Error!
Could not find bond parameter for atom types: C - HA
        for atom C at position 13.839000, -0.617000, -0.462000 
        and atom HW2 at position 14.158000, -0.847000, -1.472000.

/trinity/home/n_kristovsky/.conda/envs/d_topol/bin/teLeap: Error!
Could not find bond parameter for atom types: N - OS
        for atom NZ3 at position 8.576000, -0.692000, 1.704000 
        and atom OH2 at position 8.206000, 0.640000, 1.744000.

/trinity/home/n_kristovsky/.conda/envs/d_topol/bin/teLeap: Error!
Could not find bond parameter for atom types: CT - DU
        for atom CK at position 5.230000, 2.975000, 1.096000 
        and atom CL at position 4.785000, 2.885000, -0.375000.

/trinity/home/n_kristovsky/.conda/envs/d_topol/bin/teLeap: Error!
Could not find bond parameter for atom types: DU - CT
        for atom CL at position 4.785000, 2.885000, -0.375000 
        and atom CM at position 3.343000, 3.387000, -0.600000.

/trinity/home/n_kristovsky/.conda/envs/d_topol/bin/teLeap: Error!
Could not find bond parameter for atom types: DU - HA
        for atom CL at position 4.785000, 2.885000, -0.375000 
        and atom HL1 at position 5.462000, 3.521000, -0.988000.

/trinity/home/n_kristovsky/.conda/envs/d_topol/bin/teLeap: Error!
Could not find bond parameter for atom types: DU - HA
        for atom CL at position 4.785000, 2.885000, -0.375000 
        and atom HL2 at position 4.892000, 1.845000, -0.747000.

/trinity/home/n_kristovsky/.conda/envs/d_topol/bin/teLeap: Error!
Could not find bond parameter for atom types: S - CA
        for atom SR at position 1.033000, -2.439000, -0.630000 
        and atom CS at position -0.077000, -1.166000, -1.287000.

/trinity/home/n_kristovsky/.conda/envs/d_topol/bin/teLeap: Error!
Could not find bond parameter for atom types: CA - OS
        for atom C43 at position -5.356000, 1.124000, 0.637000 
        and atom O48 at position -6.149000, -0.028000, 0.576000.

/trinity/home/n_kristovsky/.conda/envs/d_topol/bin/teLeap: Error!
Could not find bond parameter for atom types: CA - OS
        for atom C44 at position -5.736000, -1.185000, -0.085000 
        and atom O48 at position -6.149000, -0.028000, 0.576000.

/trinity/home/n_kristovsky/.conda/envs/d_topol/bin/teLeap: Error!
Could not find bond parameter for atom types: CA - SO
        for atom C47 at position -5.865000, 2.270000, 1.277000 
        and atom S53 at position -7.516000, 2.241000, 1.940000.

/trinity/home/n_kristovsky/.conda/envs/d_topol/bin/teLeap: Error!
Could not find bond parameter for atom types: CA - SO
        for atom C49 at position -6.569000, -2.324000, -0.126000 
        and atom S55 at position -8.081000, -2.350000, 0.804000.

/trinity/home/n_kristovsky/.conda/envs/d_topol/bin/teLeap: Error!
Could not find bond parameter for atom types: CA - DU
        for atom C51 at position -5.052000, 3.411000, 1.419000 
        and atom N57 at position -5.482000, 4.415000, 2.129000.

/trinity/home/n_kristovsky/.conda/envs/d_topol/bin/teLeap: Error!
Could not find bond parameter for atom types: SO - O
        for atom S53 at position -7.516000, 2.241000, 1.940000 
        and atom O60 at position -7.487000, 1.557000, 3.474000.

/trinity/home/n_kristovsky/.conda/envs/d_topol/bin/teLeap: Error!
Could not find bond parameter for atom types: SO - O
        for atom S53 at position -7.516000, 2.241000, 1.940000 
        and atom O61 at position -8.080000, 3.631000, 2.031000.

/trinity/home/n_kristovsky/.conda/envs/d_topol/bin/teLeap: Error!
Could not find bond parameter for atom types: SO - O
        for atom S53 at position -7.516000, 2.241000, 1.940000 
        and atom O62 at position -8.418000, 1.434000, 1.050000.

/trinity/home/n_kristovsky/.conda/envs/d_topol/bin/teLeap: Error!
Could not find bond parameter for atom types: CA - NT
        for atom C54 at position -6.172000, -3.442000, -0.898000 
        and atom N63 at position -7.036000, -4.581000, -1.076000.

/trinity/home/n_kristovsky/.conda/envs/d_topol/bin/teLeap: Error!
Could not find bond parameter for atom types: SO - O
        for atom S55 at position -8.081000, -2.350000, 0.804000 
        and atom O64 at position -8.320000, -3.871000, 1.472000.

/trinity/home/n_kristovsky/.conda/envs/d_topol/bin/teLeap: Error!
Could not find bond parameter for atom types: SO - O
        for atom S55 at position -8.081000, -2.350000, 0.804000 
        and atom O65 at position -9.229000, -2.007000, -0.103000.

/trinity/home/n_kristovsky/.conda/envs/d_topol/bin/teLeap: Error!
Could not find bond parameter for atom types: SO - O
        for atom S55 at position -8.081000, -2.350000, 0.804000 
        and atom O66 at position -8.030000, -1.358000, 1.934000.

/trinity/home/n_kristovsky/.conda/envs/d_topol/bin/teLeap: Error!
Could not find bond parameter for atom types: DU - CT
        for atom N57 at position -5.482000, 4.415000, 2.129000 
        and atom C69 at position -4.703000, 5.611000, 2.451000.
Checking for angle parameters.

/trinity/home/n_kristovsky/.conda/envs/d_topol/bin/teLeap: Error!
Could not find angle parameter for atom types: NT - CT - C
        for atom N at position 14.545000, -1.792000, 1.530000,
            atom CA at position 13.515000, -1.735000, 0.492000,
        and atom C at position 13.839000, -0.617000, -0.462000.

/trinity/home/n_kristovsky/.conda/envs/d_topol/bin/teLeap: Error!
Could not find angle parameter for atom types: CT - C - HA
        for atom CA at position 13.515000, -1.735000, 0.492000,
            atom C at position 13.839000, -0.617000, -0.462000,
        and atom HW2 at position 14.158000, -0.847000, -1.472000.

/trinity/home/n_kristovsky/.conda/envs/d_topol/bin/teLeap: Error!
Could not find angle parameter for atom types: O - C - HA
        for atom O at position 13.741000, 0.548000, -0.114000,
            atom C at position 13.839000, -0.617000, -0.462000,
        and atom HW2 at position 14.158000, -0.847000, -1.472000.

/trinity/home/n_kristovsky/.conda/envs/d_topol/bin/teLeap: Error!
Could not find angle parameter for atom types: S - CT - C
        for atom SG at position 11.631000, -3.013000, 2.087000,
            atom CD at position 9.820000, -2.705000, 2.215000,
        and atom CE2 at position 9.481000, -1.300000, 2.602000.

/trinity/home/n_kristovsky/.conda/envs/d_topol/bin/teLeap: Error!
Could not find angle parameter for atom types: C - N - C
        for atom CE2 at position 9.481000, -1.300000, 2.602000,
            atom NZ3 at position 8.576000, -0.692000, 1.704000,
        and atom CZ1 at position 8.393000, -1.607000, 0.637000.

/trinity/home/n_kristovsky/.conda/envs/d_topol/bin/teLeap: Error!
Could not find angle parameter for atom types: C - N - OS
        for atom CE2 at position 9.481000, -1.300000, 2.602000,
            atom NZ3 at position 8.576000, -0.692000, 1.704000,
        and atom OH2 at position 8.206000, 0.640000, 1.744000.

/trinity/home/n_kristovsky/.conda/envs/d_topol/bin/teLeap: Error!
Could not find angle parameter for atom types: C - N - OS
        for atom CZ1 at position 8.393000, -1.607000, 0.637000,
            atom NZ3 at position 8.576000, -0.692000, 1.704000,
        and atom OH2 at position 8.206000, 0.640000, 1.744000.

/trinity/home/n_kristovsky/.conda/envs/d_topol/bin/teLeap: Error!
Could not find angle parameter for atom types: N - OS - C
        for atom NZ3 at position 8.576000, -0.692000, 1.704000,
            atom OH2 at position 8.206000, 0.640000, 1.744000,
        and atom CT at position 6.960000, 1.102000, 1.305000.

/trinity/home/n_kristovsky/.conda/envs/d_topol/bin/teLeap: Error!
Could not find angle parameter for atom types: CT - CT - DU
        for atom CI1 at position 6.710000, 2.585000, 1.285000,
            atom CK at position 5.230000, 2.975000, 1.096000,
        and atom CL at position 4.785000, 2.885000, -0.375000.

/trinity/home/n_kristovsky/.conda/envs/d_topol/bin/teLeap: Error!
Could not find angle parameter for atom types: CT - DU - CT
        for atom CK at position 5.230000, 2.975000, 1.096000,
            atom CL at position 4.785000, 2.885000, -0.375000,
        and atom CM at position 3.343000, 3.387000, -0.600000.

/trinity/home/n_kristovsky/.conda/envs/d_topol/bin/teLeap: Error!
Could not find angle parameter for atom types: CT - DU - HA
        for atom CK at position 5.230000, 2.975000, 1.096000,
            atom CL at position 4.785000, 2.885000, -0.375000,
        and atom HL1 at position 5.462000, 3.521000, -0.988000.

/trinity/home/n_kristovsky/.conda/envs/d_topol/bin/teLeap: Error!
Could not find angle parameter for atom types: CT - DU - HA
        for atom CK at position 5.230000, 2.975000, 1.096000,
            atom CL at position 4.785000, 2.885000, -0.375000,
        and atom HL2 at position 4.892000, 1.845000, -0.747000.

/trinity/home/n_kristovsky/.conda/envs/d_topol/bin/teLeap: Error!
Could not find angle parameter for atom types: DU - CT - H1
        for atom CL at position 4.785000, 2.885000, -0.375000,
            atom CK at position 5.230000, 2.975000, 1.096000,
        and atom HK1 at position 5.102000, 4.026000, 1.437000.

/trinity/home/n_kristovsky/.conda/envs/d_topol/bin/teLeap: Error!
Could not find angle parameter for atom types: DU - CT - H1
        for atom CL at position 4.785000, 2.885000, -0.375000,
            atom CK at position 5.230000, 2.975000, 1.096000,
        and atom HK2 at position 4.593000, 2.334000, 1.742000.

/trinity/home/n_kristovsky/.conda/envs/d_topol/bin/teLeap: Error!
Could not find angle parameter for atom types: DU - CT - CT
        for atom CL at position 4.785000, 2.885000, -0.375000,
            atom CM at position 3.343000, 3.387000, -0.600000,
        and atom CN at position 2.268000, 2.507000, 0.063000.

/trinity/home/n_kristovsky/.conda/envs/d_topol/bin/teLeap: Error!
Could not find angle parameter for atom types: DU - CT - H1
        for atom CL at position 4.785000, 2.885000, -0.375000,
            atom CM at position 3.343000, 3.387000, -0.600000,
        and atom HM1 at position 3.148000, 3.421000, -1.694000.

/trinity/home/n_kristovsky/.conda/envs/d_topol/bin/teLeap: Error!
Could not find angle parameter for atom types: DU - CT - H1
        for atom CL at position 4.785000, 2.885000, -0.375000,
            atom CM at position 3.343000, 3.387000, -0.600000,
        and atom HM2 at position 3.247000, 4.426000, -0.215000.

/trinity/home/n_kristovsky/.conda/envs/d_topol/bin/teLeap: Error!
Could not find angle parameter for atom types: CT - DU - HA
        for atom CM at position 3.343000, 3.387000, -0.600000,
            atom CL at position 4.785000, 2.885000, -0.375000,
        and atom HL1 at position 5.462000, 3.521000, -0.988000.

/trinity/home/n_kristovsky/.conda/envs/d_topol/bin/teLeap: Error!
Could not find angle parameter for atom types: CT - DU - HA
        for atom CM at position 3.343000, 3.387000, -0.600000,
            atom CL at position 4.785000, 2.885000, -0.375000,
        and atom HL2 at position 4.892000, 1.845000, -0.747000.

/trinity/home/n_kristovsky/.conda/envs/d_topol/bin/teLeap: Error!
Could not find angle parameter for atom types: C - CT - S
        for atom CO at position 1.948000, 0.015000, 0.413000,
            atom CP1 at position 2.369000, -1.376000, 0.044000,
        and atom SR at position 1.033000, -2.439000, -0.630000.

/trinity/home/n_kristovsky/.conda/envs/d_topol/bin/teLeap: Error!
Could not find angle parameter for atom types: CT - S - CA
        for atom CP1 at position 2.369000, -1.376000, 0.044000,
            atom SR at position 1.033000, -2.439000, -0.630000,
        and atom CS at position -0.077000, -1.166000, -1.287000.

/trinity/home/n_kristovsky/.conda/envs/d_topol/bin/teLeap: Error!
Could not find angle parameter for atom types: S - CA - CA
        for atom SR at position 1.033000, -2.439000, -0.630000,
            atom CS at position -0.077000, -1.166000, -1.287000,
        and atom C28 at position -1.279000, -0.888000, -0.613000.

/trinity/home/n_kristovsky/.conda/envs/d_topol/bin/teLeap: Error!
Could not find angle parameter for atom types: S - CA - CA
        for atom SR at position 1.033000, -2.439000, -0.630000,
            atom CS at position -0.077000, -1.166000, -1.287000,
        and atom C29 at position 0.193000, -0.546000, -2.518000.

/trinity/home/n_kristovsky/.conda/envs/d_topol/bin/teLeap: Error!
Could not find angle parameter for atom types: CA - C - O
        for atom C34 at position -1.944000, 0.640000, -2.402000,
            atom C37 at position -2.918000, 1.591000, -2.996000,
        and atom O41 at position -2.524000, 2.705000, -3.436000.

/trinity/home/n_kristovsky/.conda/envs/d_topol/bin/teLeap: Error!
Could not find angle parameter for atom types: CA - CA - OS
        for atom C38 at position -4.058000, 1.123000, 0.077000,
            atom C43 at position -5.356000, 1.124000, 0.637000,
        and atom O48 at position -6.149000, -0.028000, 0.576000.

/trinity/home/n_kristovsky/.conda/envs/d_topol/bin/teLeap: Error!
Could not find angle parameter for atom types: CA - CA - OS
        for atom C39 at position -4.486000, -1.184000, -0.722000,
            atom C44 at position -5.736000, -1.185000, -0.085000,
        and atom O48 at position -6.149000, -0.028000, 0.576000.

/trinity/home/n_kristovsky/.conda/envs/d_topol/bin/teLeap: Error!
Could not find angle parameter for atom types: CA - CA - SO
        for atom C43 at position -5.356000, 1.124000, 0.637000,
            atom C47 at position -5.865000, 2.270000, 1.277000,
        and atom S53 at position -7.516000, 2.241000, 1.940000.

/trinity/home/n_kristovsky/.conda/envs/d_topol/bin/teLeap: Error!
Could not find angle parameter for atom types: CA - OS - CA
        for atom C43 at position -5.356000, 1.124000, 0.637000,
            atom O48 at position -6.149000, -0.028000, 0.576000,
        and atom C44 at position -5.736000, -1.185000, -0.085000.

/trinity/home/n_kristovsky/.conda/envs/d_topol/bin/teLeap: Error!
Could not find angle parameter for atom types: CA - CA - SO
        for atom C44 at position -5.736000, -1.185000, -0.085000,
            atom C49 at position -6.569000, -2.324000, -0.126000,
        and atom S55 at position -8.081000, -2.350000, 0.804000.

/trinity/home/n_kristovsky/.conda/envs/d_topol/bin/teLeap: Error!
Could not find angle parameter for atom types: CA - CA - DU
        for atom C46 at position -3.776000, 3.451000, 0.808000,
            atom C51 at position -5.052000, 3.411000, 1.419000,
        and atom N57 at position -5.482000, 4.415000, 2.129000.

/trinity/home/n_kristovsky/.conda/envs/d_topol/bin/teLeap: Error!
Could not find angle parameter for atom types: CA - CA - OS
        for atom C47 at position -5.865000, 2.270000, 1.277000,
            atom C43 at position -5.356000, 1.124000, 0.637000,
        and atom O48 at position -6.149000, -0.028000, 0.576000.

/trinity/home/n_kristovsky/.conda/envs/d_topol/bin/teLeap: Error!
Could not find angle parameter for atom types: CA - CA - DU
        for atom C47 at position -5.865000, 2.270000, 1.277000,
            atom C51 at position -5.052000, 3.411000, 1.419000,
        and atom N57 at position -5.482000, 4.415000, 2.129000.

/trinity/home/n_kristovsky/.conda/envs/d_topol/bin/teLeap: Error!
Could not find angle parameter for atom types: CA - SO - O
        for atom C47 at position -5.865000, 2.270000, 1.277000,
            atom S53 at position -7.516000, 2.241000, 1.940000,
        and atom O60 at position -7.487000, 1.557000, 3.474000.

/trinity/home/n_kristovsky/.conda/envs/d_topol/bin/teLeap: Error!
Could not find angle parameter for atom types: CA - SO - O
        for atom C47 at position -5.865000, 2.270000, 1.277000,
            atom S53 at position -7.516000, 2.241000, 1.940000,
        and atom O61 at position -8.080000, 3.631000, 2.031000.

/trinity/home/n_kristovsky/.conda/envs/d_topol/bin/teLeap: Error!
Could not find angle parameter for atom types: CA - SO - O
        for atom C47 at position -5.865000, 2.270000, 1.277000,
            atom S53 at position -7.516000, 2.241000, 1.940000,
        and atom O62 at position -8.418000, 1.434000, 1.050000.

/trinity/home/n_kristovsky/.conda/envs/d_topol/bin/teLeap: Error!
Could not find angle parameter for atom types: OS - CA - CA
        for atom O48 at position -6.149000, -0.028000, 0.576000,
            atom C44 at position -5.736000, -1.185000, -0.085000,
        and atom C49 at position -6.569000, -2.324000, -0.126000.

/trinity/home/n_kristovsky/.conda/envs/d_topol/bin/teLeap: Error!
Could not find angle parameter for atom types: CA - CA - NT
        for atom C49 at position -6.569000, -2.324000, -0.126000,
            atom C54 at position -6.172000, -3.442000, -0.898000,
        and atom N63 at position -7.036000, -4.581000, -1.076000.

/trinity/home/n_kristovsky/.conda/envs/d_topol/bin/teLeap: Error!
Could not find angle parameter for atom types: CA - SO - O
        for atom C49 at position -6.569000, -2.324000, -0.126000,
            atom S55 at position -8.081000, -2.350000, 0.804000,
        and atom O64 at position -8.320000, -3.871000, 1.472000.

/trinity/home/n_kristovsky/.conda/envs/d_topol/bin/teLeap: Error!
Could not find angle parameter for atom types: CA - SO - O
        for atom C49 at position -6.569000, -2.324000, -0.126000,
            atom S55 at position -8.081000, -2.350000, 0.804000,
        and atom O65 at position -9.229000, -2.007000, -0.103000.

/trinity/home/n_kristovsky/.conda/envs/d_topol/bin/teLeap: Error!
Could not find angle parameter for atom types: CA - SO - O
        for atom C49 at position -6.569000, -2.324000, -0.126000,
            atom S55 at position -8.081000, -2.350000, 0.804000,
        and atom O66 at position -8.030000, -1.358000, 1.934000.

/trinity/home/n_kristovsky/.conda/envs/d_topol/bin/teLeap: Error!
Could not find angle parameter for atom types: CA - CA - NT
        for atom C50 at position -4.926000, -3.435000, -1.544000,
            atom C54 at position -6.172000, -3.442000, -0.898000,
        and atom N63 at position -7.036000, -4.581000, -1.076000.

/trinity/home/n_kristovsky/.conda/envs/d_topol/bin/teLeap: Error!
Could not find angle parameter for atom types: CA - CA - SO
        for atom C51 at position -5.052000, 3.411000, 1.419000,
            atom C47 at position -5.865000, 2.270000, 1.277000,
        and atom S53 at position -7.516000, 2.241000, 1.940000.

/trinity/home/n_kristovsky/.conda/envs/d_topol/bin/teLeap: Error!
Could not find angle parameter for atom types: CA - DU - CT
        for atom C51 at position -5.052000, 3.411000, 1.419000,
            atom N57 at position -5.482000, 4.415000, 2.129000,
        and atom C69 at position -4.703000, 5.611000, 2.451000.

/trinity/home/n_kristovsky/.conda/envs/d_topol/bin/teLeap: Error!
Could not find angle parameter for atom types: CA - CA - SO
        for atom C54 at position -6.172000, -3.442000, -0.898000,
            atom C49 at position -6.569000, -2.324000, -0.126000,
        and atom S55 at position -8.081000, -2.350000, 0.804000.

/trinity/home/n_kristovsky/.conda/envs/d_topol/bin/teLeap: Error!
Could not find angle parameter for atom types: CA - NT - CT
        for atom C54 at position -6.172000, -3.442000, -0.898000,
            atom N63 at position -7.036000, -4.581000, -1.076000,
        and atom C70 at position -6.536000, -5.935000, -1.364000.

/trinity/home/n_kristovsky/.conda/envs/d_topol/bin/teLeap: Error!
Could not find angle parameter for atom types: CA - NT - H
        for atom C54 at position -6.172000, -3.442000, -0.898000,
            atom N63 at position -7.036000, -4.581000, -1.076000,
        and atom H631 at position -8.066000, -4.465000, -0.951000.

/trinity/home/n_kristovsky/.conda/envs/d_topol/bin/teLeap: Error!
Could not find angle parameter for atom types: DU - CT - CT
        for atom N57 at position -5.482000, 4.415000, 2.129000,
            atom C69 at position -4.703000, 5.611000, 2.451000,
        and atom C58 at position -3.769000, 5.946000, 1.270000.

/trinity/home/n_kristovsky/.conda/envs/d_topol/bin/teLeap: Error!
Could not find angle parameter for atom types: DU - CT - CT
        for atom N57 at position -5.482000, 4.415000, 2.129000,
            atom C69 at position -4.703000, 5.611000, 2.451000,
        and atom C71 at position -3.899000, 5.357000, 3.740000.

/trinity/home/n_kristovsky/.conda/envs/d_topol/bin/teLeap: Error!
Could not find angle parameter for atom types: DU - CT - CT
        for atom N57 at position -5.482000, 4.415000, 2.129000,
            atom C69 at position -4.703000, 5.611000, 2.451000,
        and atom C72 at position -5.676000, 6.777000, 2.687000.

/trinity/home/n_kristovsky/.conda/envs/d_topol/bin/teLeap: Error!
Could not find angle parameter for atom types: O - SO - O
        for atom O60 at position -7.487000, 1.557000, 3.474000,
            atom S53 at position -7.516000, 2.241000, 1.940000,
        and atom O61 at position -8.080000, 3.631000, 2.031000.

/trinity/home/n_kristovsky/.conda/envs/d_topol/bin/teLeap: Error!
Could not find angle parameter for atom types: O - SO - O
        for atom O60 at position -7.487000, 1.557000, 3.474000,
            atom S53 at position -7.516000, 2.241000, 1.940000,
        and atom O62 at position -8.418000, 1.434000, 1.050000.

/trinity/home/n_kristovsky/.conda/envs/d_topol/bin/teLeap: Error!
Could not find angle parameter for atom types: O - SO - O
        for atom O61 at position -8.080000, 3.631000, 2.031000,
            atom S53 at position -7.516000, 2.241000, 1.940000,
        and atom O62 at position -8.418000, 1.434000, 1.050000.

/trinity/home/n_kristovsky/.conda/envs/d_topol/bin/teLeap: Error!
Could not find angle parameter for atom types: O - SO - O
        for atom O64 at position -8.320000, -3.871000, 1.472000,
            atom S55 at position -8.081000, -2.350000, 0.804000,
        and atom O65 at position -9.229000, -2.007000, -0.103000.

/trinity/home/n_kristovsky/.conda/envs/d_topol/bin/teLeap: Error!
Could not find angle parameter for atom types: O - SO - O
        for atom O64 at position -8.320000, -3.871000, 1.472000,
            atom S55 at position -8.081000, -2.350000, 0.804000,
        and atom O66 at position -8.030000, -1.358000, 1.934000.

/trinity/home/n_kristovsky/.conda/envs/d_topol/bin/teLeap: Error!
Could not find angle parameter for atom types: O - SO - O
        for atom O65 at position -9.229000, -2.007000, -0.103000,
            atom S55 at position -8.081000, -2.350000, 0.804000,
        and atom O66 at position -8.030000, -1.358000, 1.934000.

/trinity/home/n_kristovsky/.conda/envs/d_topol/bin/teLeap: Error!
Could not find angle parameter for atom types: HA - DU - HA
        for atom HL1 at position 5.462000, 3.521000, -0.988000,
            atom CL at position 4.785000, 2.885000, -0.375000,
        and atom HL2 at position 4.892000, 1.845000, -0.747000.

/trinity/home/n_kristovsky/.conda/envs/d_topol/bin/teLeap: Warning!
There are missing parameters.
check:  Warnings: 1
Unit is OK.
> saveamberparm R546 C_AF546_rn_H_3D_amber_AC.prmtop C_AF546_rn_H_3D_amber_AC.inpcrd
Checking Unit.

/trinity/home/n_kristovsky/.conda/envs/d_topol/bin/teLeap: Warning!
The unperturbed charge of the unit (-2.000000) is not zero.

/trinity/home/n_kristovsky/.conda/envs/d_topol/bin/teLeap: Note.
Ignoring the warning from Unit Checking.

Building topology.
Building atom parameters.

/trinity/home/n_kristovsky/.conda/envs/d_topol/bin/teLeap: Error!
For atom (.R<546 1>.A<CL 19>) could not find vdW (or other) parameters for type (DU)

/trinity/home/n_kristovsky/.conda/envs/d_topol/bin/teLeap: Error!
For atom (.R<546 1>.A<S53 53>) could not find vdW (or other) parameters for type (SO)

/trinity/home/n_kristovsky/.conda/envs/d_topol/bin/teLeap: Error!
For atom (.R<546 1>.A<S55 55>) could not find vdW (or other) parameters for type (SO)

/trinity/home/n_kristovsky/.conda/envs/d_topol/bin/teLeap: Error!
For atom (.R<546 1>.A<N57 57>) could not find vdW (or other) parameters for type (DU)

/trinity/home/n_kristovsky/.conda/envs/d_topol/bin/teLeap: Warning!
Parameter file was not saved.
> saveoff R546 C_AF546_rn_H_3D_amber_AC.lib
 Creating C_AF546_rn_H_3D_amber_AC.lib
Saving R546.
Building topology.
Building atom parameters.
> quit
	Quit

Exiting LEaP: Errors = 80; Warnings = 4; Notes = 1.
