            --------------------------------------------------------
                             AMBER SQM VERSION 19
 
                                     By
              Ross C. Walker, Michael F. Crowley, Scott Brozell,
                         Tim Giese, Andreas W. Goetz,
                        Tai-Sung Lee and David A. Case
 
            --------------------------------------------------------
 

--------------------------------------------------------------------------------
  QM CALCULATION INFO
--------------------------------------------------------------------------------

| QMMM: Citation for AMBER QMMM Run:
| QMMM: R.C. Walker, M.F. Crowley and D.A. Case, J. COMP. CHEM. 29:1019, 2008

QMMM: SINGLET STATE CALCULATION
QMMM: RHF CALCULATION, NO. OF DOUBLY OCCUPIED LEVELS = 38

| QMMM: *** Selected Hamiltonian *** 
| QMMM: AM1         

| QMMM: *** Parameter sets in use ***
| QMMM: N : M.J.S.DEWAR et al. JACS, 107, 3902, (1985)
| QMMM: C : M.J.S.DEWAR et al. JACS, 107, 3902, (1985)
| QMMM: O : M.J.S.DEWAR et al. JACS, 107, 3902, (1985)
| QMMM: H : M.J.S.DEWAR et al. JACS, 107, 3902, (1985)

| QMMM: *** SCF convergence criteria ***
| QMMM: Energy change                :  0.1D-09 kcal/mol
| QMMM: Error matrix |FP-PF|         :  0.1D+00 au
| QMMM: Density matrix change        :  0.5D-06
| QMMM: Maximum number of SCF cycles :     1000

| QMMM: *** Diagonalization Routine Information ***
| QMMM: Pseudo diagonalizations are allowed.
| QMMM: Auto diagonalization routine selection is in use.
| QMMM:
| QMMM: Timing diagonalization routines:
| QMMM:                              norbs =       70
| QMMM:    diag iterations used for timing =       15
| QMMM:
| QMMM:              Internal diag routine = 0.019623 seconds
| QMMM:                 Dspev diag routine = 0.019756 seconds
| QMMM:                Dspevd diag routine = 0.014264 seconds
| QMMM:                Dspevx diag routine = 0.066097 seconds
| QMMM:                 Dsyev diag routine = 0.022414 seconds
| QMMM:                Dsyevd diag routine = 0.017237 seconds
| QMMM:                Dsyevr diag routine = 0.019218 seconds
| QMMM:
| QMMM:                Pseudo diag routine = 0.005754 seconds
| QMMM:
| QMMM: Using dspevd routine (diag_routine=3).

  QMMM: QM Region Cartesian Coordinates (*=link atom) 
  QMMM: QM_NO.   MM_NO.  ATOM         X         Y         Z
  QMMM:     1        1      N       -4.3610   -0.4160    2.2810
  QMMM:     2        2      C       -3.7580   -0.2660    0.9550
  QMMM:     3        3      C       -4.2390   -1.3760    0.0580
  QMMM:     4        4      O       -4.0080   -2.5440    0.3300
  QMMM:     5        5      C       -2.2170   -0.2360    1.0480
  QMMM:     6        6      C       -1.5620    0.1210   -0.2950
  QMMM:     7        7      C       -0.0360    0.1880   -0.1620
  QMMM:     8        8      C        0.6180    0.5410   -1.5020
  QMMM:     9        9      N        2.0690    0.6350   -1.3510
  QMMM:    10       10      C        2.9090   -0.5210   -1.2270
  QMMM:    11       11      O        2.4120   -1.6790   -1.2710
  QMMM:    12       12      C        4.3820   -0.3580   -1.0020
  QMMM:    13       13      C        4.6730   -0.1070    0.4730
  QMMM:    14       14      H        4.1690    0.8230    0.8130
  QMMM:    15       15      H        4.3190   -0.9630    1.0870
  QMMM:    16       16      H        5.7680    0.0080    0.6210
  QMMM:    17       17      H        4.9180   -1.2750   -1.3320
  QMMM:    18       18      H        4.7590    0.4950   -1.6050
  QMMM:    19       19      H        2.5110    1.5820   -1.3760
  QMMM:    20       20      H        0.3690   -0.2210   -2.2720
  QMMM:    21       21      H        0.2280    1.5220   -1.8520
  QMMM:    22       22      H        0.2370    0.9610    0.5890
  QMMM:    23       23      H        0.3450   -0.7940    0.1910
  QMMM:    24       24      H       -1.9450    1.1070   -0.6400
  QMMM:    25       25      H       -1.8270   -0.6460   -1.0550
  QMMM:    26       26      H       -1.9190    0.5260    1.8010
  QMMM:    27       27      H       -1.8400   -1.2230    1.3970
  QMMM:    28       28      H       -4.1080    0.6980    0.5230
  QMMM:    29       29      H       -4.1320    0.4310    2.8500
  QMMM:    30       30      H       -3.9360   -1.2410    2.7660
  QMMM:    31       31      H       -4.7990   -1.1380   -0.8410

--------------------------------------------------------------------------------
  RESULTS
--------------------------------------------------------------------------------

      iter         sqm energy              rms gradient
      ----    -------------------    -----------------------
xmin    10     -104.1781 kcal/mol        0.7154 kcal/(mol*A)
xmin    20     -104.8914 kcal/mol        0.8300 kcal/(mol*A)
xmin    30     -105.3048 kcal/mol        0.6160 kcal/(mol*A)
xmin    40     -105.3536 kcal/mol        0.0893 kcal/(mol*A)
xmin    50     -105.4041 kcal/mol        0.4028 kcal/(mol*A)
xmin    60     -105.4262 kcal/mol        0.0776 kcal/(mol*A)
xmin    70     -105.4376 kcal/mol        0.0822 kcal/(mol*A)
xmin    80     -105.4461 kcal/mol        0.0257 kcal/(mol*A)
xmin    90     -105.4491 kcal/mol        0.0381 kcal/(mol*A)
xmin   100     -105.4519 kcal/mol        0.0358 kcal/(mol*A)
xmin   110     -105.4531 kcal/mol        0.0329 kcal/(mol*A)
xmin   120     -105.4560 kcal/mol        0.0147 kcal/(mol*A)
xmin   130     -105.4565 kcal/mol        0.0180 kcal/(mol*A)
xmin   140     -105.4588 kcal/mol        0.0386 kcal/(mol*A)
xmin   150     -105.4607 kcal/mol        0.0209 kcal/(mol*A)
xmin   160     -105.4623 kcal/mol        0.0174 kcal/(mol*A)
xmin   170     -105.4627 kcal/mol        0.0722 kcal/(mol*A)
xmin   180     -105.4634 kcal/mol        0.0272 kcal/(mol*A)
xmin   190     -105.4639 kcal/mol        0.0300 kcal/(mol*A)
xmin   200     -105.4641 kcal/mol        0.0082 kcal/(mol*A)
xmin   210     -105.4643 kcal/mol        0.0041 kcal/(mol*A)
xmin   220     -105.4646 kcal/mol        0.0248 kcal/(mol*A)
xmin   230     -105.4650 kcal/mol        0.0098 kcal/(mol*A)
xmin   240     -105.4652 kcal/mol        0.0054 kcal/(mol*A)
xmin   250     -105.4652 kcal/mol        0.0077 kcal/(mol*A)
xmin   260     -105.4653 kcal/mol        0.0089 kcal/(mol*A)
xmin   270     -105.4654 kcal/mol        0.0075 kcal/(mol*A)
xmin   280     -105.4655 kcal/mol        0.0054 kcal/(mol*A)
xmin   290     -105.4656 kcal/mol        0.0046 kcal/(mol*A)
xmin   300     -105.4656 kcal/mol        0.0046 kcal/(mol*A)
xmin   310     -105.4657 kcal/mol        0.0044 kcal/(mol*A)
xmin   320     -105.4657 kcal/mol        0.0043 kcal/(mol*A)
xmin   330     -105.4657 kcal/mol        0.0038 kcal/(mol*A)
xmin   340     -105.4657 kcal/mol        0.0031 kcal/(mol*A)
xmin   350     -105.4658 kcal/mol        0.0021 kcal/(mol*A)
xmin   360     -105.4658 kcal/mol        0.0022 kcal/(mol*A)
xmin   370     -105.4658 kcal/mol        0.0027 kcal/(mol*A)
xmin   380     -105.4658 kcal/mol        0.0012 kcal/(mol*A)
xmin   390     -105.4658 kcal/mol        0.0014 kcal/(mol*A)
xmin   400     -105.4658 kcal/mol        0.0012 kcal/(mol*A)
  ... geometry converged !
 
 Final MO eigenvalues (eV):
 -40.0294  -39.7682  -37.4439  -36.0103  -34.4851  -33.5983  -30.1873  -27.2002
 -25.6260  -24.0688  -22.4023  -21.2631  -21.0060  -18.2677  -17.9609  -17.2836
 -16.9456  -16.3925  -15.9984  -15.8508  -15.2796  -15.1389  -14.8008  -14.5967
 -14.0576  -13.8656  -13.6205  -13.2176  -13.0027  -12.9570  -12.5786  -12.3418
 -12.1786  -11.7453  -10.7958  -10.6179  -10.1967   -9.9843    0.7615    1.3417
   2.0591    2.7737    3.1269    3.2563    3.3557    3.5053    3.5277    3.6075
   3.8107    3.8228    3.9323    3.9773    4.0064    4.0769    4.2121    4.2946
   4.3498    4.3830    4.4181    4.4714    4.5493    4.6457    4.7010    4.7825
   5.3497    5.8220    6.0659    6.1469    6.2123    7.0257

 Heat of formation   =       -105.46578973 kcal/mol  (       -4.57333983 eV)

 Total SCF energy    =     -56646.85305757 kcal/mol  (    -2456.39187622 eV)
 Electronic energy   =    -301669.91370383 kcal/mol  (   -13081.38908564 eV)
 Core-core repulsion =     245023.06064627 kcal/mol  (    10624.99720941 eV)
 
    Atomic Charges for Step       1 :
  Atom    Element       Mulliken Charge
     1      N                 -0.332
     2      C                 -0.095
     3      C                  0.189
     4      O                 -0.280
     5      C                 -0.192
     6      C                 -0.156
     7      C                 -0.185
     8      C                 -0.032
     9      N                 -0.377
    10      C                  0.297
    11      O                 -0.366
    12      C                 -0.185
    13      C                 -0.212
    14      H                  0.069
    15      H                  0.087
    16      H                  0.085
    17      H                  0.122
    18      H                  0.104
    19      H                  0.217
    20      H                  0.125
    21      H                  0.080
    22      H                  0.077
    23      H                  0.094
    24      H                  0.083
    25      H                  0.086
    26      H                  0.087
    27      H                  0.094
    28      H                  0.113
    29      H                  0.148
    30      H                  0.159
    31      H                  0.097
 Total Mulliken Charge =       0.000
 
                  X        Y        Z     TOTAL  
  QM DIPOLE     2.819    4.230    1.627    5.337
 
 Final Structure

  QMMM: QM Region Cartesian Coordinates (*=link atom) 
  QMMM: QM_NO.   MM_NO.  ATOM         X         Y         Z
  QMMM:     1        1      N       -4.6255   -0.1076    2.1082
  QMMM:     2        2      C       -3.8111   -0.2392    0.9169
  QMMM:     3        3      C       -4.0952   -1.5310    0.1597
  QMMM:     4        4      O       -4.3750   -2.5936    0.7108
  QMMM:     5        5      C       -2.2897   -0.1603    1.1429
  QMMM:     6        6      C       -1.5448    0.0504   -0.1570
  QMMM:     7        7      C       -0.0549    0.1628    0.0851
  QMMM:     8        8      C        0.6717    0.3984   -1.2415
  QMMM:     9        9      N        2.0948    0.5486   -1.1262
  QMMM:    10       10      C        2.9814   -0.4354   -1.5271
  QMMM:    11       11      O        2.5928   -1.4478   -2.1422
  QMMM:    12       12      C        4.4563   -0.2043   -1.2511
  QMMM:    13       13      C        4.7587   -0.1086    0.2206
  QMMM:    14       14      H        4.3168    0.8137    0.6694
  QMMM:    15       15      H        4.3553   -0.9957    0.7667
  QMMM:    16       16      H        5.8647   -0.0738    0.3771
  QMMM:    17       17      H        5.0166   -1.0674   -1.7014
  QMMM:    18       18      H        4.7869    0.7284   -1.7798
  QMMM:    19       19      H        2.4241    1.2589   -0.5174
  QMMM:    20       20      H        0.4544   -0.4634   -1.9370
  QMMM:    21       21      H        0.2627    1.3399   -1.7116
  QMMM:    22       22      H        0.1495    1.0076    0.7936
  QMMM:    23       23      H        0.3204   -0.7779    0.5663
  QMMM:    24       24      H       -1.9170    0.9829   -0.6588
  QMMM:    25       25      H       -1.7461   -0.8058   -0.8544
  QMMM:    26       26      H       -2.0611    0.6908    1.8379
  QMMM:    27       27      H       -1.9352   -1.1019    1.6383
  QMMM:    28       28      H       -4.1063    0.6232    0.2435
  QMMM:    29       29      H       -4.2292    0.5699    2.7294
  QMMM:    30       30      H       -4.7071   -0.9862    2.5841
  QMMM:    31       31      H       -4.0099   -1.4416   -0.9451

           --------- Calculation Completed ----------

